Archive member included to satisfy reference by file (symbol)

C:/ST/STM32CubeIDE_1.14.0/STM32CubeIDE/plugins/com.st.stm32cube.ide.mcu.externaltools.gnu-tools-for-stm32.11.3.rel1.win32_1.1.100.202309141235/tools/bin/../lib/gcc/arm-none-eabi/11.3.1/../../../../arm-none-eabi/lib/thumb/v7e-m+fp/hard\libc_nano.a(libc_a-exit.o)
                              C:/ST/STM32CubeIDE_1.14.0/STM32CubeIDE/plugins/com.st.stm32cube.ide.mcu.externaltools.gnu-tools-for-stm32.11.3.rel1.win32_1.1.100.202309141235/tools/bin/../lib/gcc/arm-none-eabi/11.3.1/../../../../arm-none-eabi/lib/thumb/v7e-m+fp/hard/crt0.o (exit)
C:/ST/STM32CubeIDE_1.14.0/STM32CubeIDE/plugins/com.st.stm32cube.ide.mcu.externaltools.gnu-tools-for-stm32.11.3.rel1.win32_1.1.100.202309141235/tools/bin/../lib/gcc/arm-none-eabi/11.3.1/../../../../arm-none-eabi/lib/thumb/v7e-m+fp/hard\libc_nano.a(libc_a-findfp.o)
                              C:/ST/STM32CubeIDE_1.14.0/STM32CubeIDE/plugins/com.st.stm32cube.ide.mcu.externaltools.gnu-tools-for-stm32.11.3.rel1.win32_1.1.100.202309141235/tools/bin/../lib/gcc/arm-none-eabi/11.3.1/../../../../arm-none-eabi/lib/thumb/v7e-m+fp/hard\libc_nano.a(libc_a-exit.o) (__stdio_exit_handler)
C:/ST/STM32CubeIDE_1.14.0/STM32CubeIDE/plugins/com.st.stm32cube.ide.mcu.externaltools.gnu-tools-for-stm32.11.3.rel1.win32_1.1.100.202309141235/tools/bin/../lib/gcc/arm-none-eabi/11.3.1/../../../../arm-none-eabi/lib/thumb/v7e-m+fp/hard\libc_nano.a(libc_a-fwalk.o)
                              C:/ST/STM32CubeIDE_1.14.0/STM32CubeIDE/plugins/com.st.stm32cube.ide.mcu.externaltools.gnu-tools-for-stm32.11.3.rel1.win32_1.1.100.202309141235/tools/bin/../lib/gcc/arm-none-eabi/11.3.1/../../../../arm-none-eabi/lib/thumb/v7e-m+fp/hard\libc_nano.a(libc_a-findfp.o) (_fwalk_sglue)
C:/ST/STM32CubeIDE_1.14.0/STM32CubeIDE/plugins/com.st.stm32cube.ide.mcu.externaltools.gnu-tools-for-stm32.11.3.rel1.win32_1.1.100.202309141235/tools/bin/../lib/gcc/arm-none-eabi/11.3.1/../../../../arm-none-eabi/lib/thumb/v7e-m+fp/hard\libc_nano.a(libc_a-stdio.o)
                              C:/ST/STM32CubeIDE_1.14.0/STM32CubeIDE/plugins/com.st.stm32cube.ide.mcu.externaltools.gnu-tools-for-stm32.11.3.rel1.win32_1.1.100.202309141235/tools/bin/../lib/gcc/arm-none-eabi/11.3.1/../../../../arm-none-eabi/lib/thumb/v7e-m+fp/hard\libc_nano.a(libc_a-findfp.o) (__sread)
C:/ST/STM32CubeIDE_1.14.0/STM32CubeIDE/plugins/com.st.stm32cube.ide.mcu.externaltools.gnu-tools-for-stm32.11.3.rel1.win32_1.1.100.202309141235/tools/bin/../lib/gcc/arm-none-eabi/11.3.1/../../../../arm-none-eabi/lib/thumb/v7e-m+fp/hard\libc_nano.a(libc_a-memset.o)
                              C:/ST/STM32CubeIDE_1.14.0/STM32CubeIDE/plugins/com.st.stm32cube.ide.mcu.externaltools.gnu-tools-for-stm32.11.3.rel1.win32_1.1.100.202309141235/tools/bin/../lib/gcc/arm-none-eabi/11.3.1/../../../../arm-none-eabi/lib/thumb/v7e-m+fp/hard/crt0.o (memset)
C:/ST/STM32CubeIDE_1.14.0/STM32CubeIDE/plugins/com.st.stm32cube.ide.mcu.externaltools.gnu-tools-for-stm32.11.3.rel1.win32_1.1.100.202309141235/tools/bin/../lib/gcc/arm-none-eabi/11.3.1/../../../../arm-none-eabi/lib/thumb/v7e-m+fp/hard\libc_nano.a(libc_a-closer.o)
                              C:/ST/STM32CubeIDE_1.14.0/STM32CubeIDE/plugins/com.st.stm32cube.ide.mcu.externaltools.gnu-tools-for-stm32.11.3.rel1.win32_1.1.100.202309141235/tools/bin/../lib/gcc/arm-none-eabi/11.3.1/../../../../arm-none-eabi/lib/thumb/v7e-m+fp/hard\libc_nano.a(libc_a-stdio.o) (_close_r)
C:/ST/STM32CubeIDE_1.14.0/STM32CubeIDE/plugins/com.st.stm32cube.ide.mcu.externaltools.gnu-tools-for-stm32.11.3.rel1.win32_1.1.100.202309141235/tools/bin/../lib/gcc/arm-none-eabi/11.3.1/../../../../arm-none-eabi/lib/thumb/v7e-m+fp/hard\libc_nano.a(libc_a-reent.o)
                              C:/ST/STM32CubeIDE_1.14.0/STM32CubeIDE/plugins/com.st.stm32cube.ide.mcu.externaltools.gnu-tools-for-stm32.11.3.rel1.win32_1.1.100.202309141235/tools/bin/../lib/gcc/arm-none-eabi/11.3.1/../../../../arm-none-eabi/lib/thumb/v7e-m+fp/hard\libc_nano.a(libc_a-closer.o) (errno)
C:/ST/STM32CubeIDE_1.14.0/STM32CubeIDE/plugins/com.st.stm32cube.ide.mcu.externaltools.gnu-tools-for-stm32.11.3.rel1.win32_1.1.100.202309141235/tools/bin/../lib/gcc/arm-none-eabi/11.3.1/../../../../arm-none-eabi/lib/thumb/v7e-m+fp/hard\libc_nano.a(libc_a-impure.o)
                              C:/ST/STM32CubeIDE_1.14.0/STM32CubeIDE/plugins/com.st.stm32cube.ide.mcu.externaltools.gnu-tools-for-stm32.11.3.rel1.win32_1.1.100.202309141235/tools/bin/../lib/gcc/arm-none-eabi/11.3.1/../../../../arm-none-eabi/lib/thumb/v7e-m+fp/hard\libc_nano.a(libc_a-reent.o) (_impure_ptr)
C:/ST/STM32CubeIDE_1.14.0/STM32CubeIDE/plugins/com.st.stm32cube.ide.mcu.externaltools.gnu-tools-for-stm32.11.3.rel1.win32_1.1.100.202309141235/tools/bin/../lib/gcc/arm-none-eabi/11.3.1/../../../../arm-none-eabi/lib/thumb/v7e-m+fp/hard\libc_nano.a(libc_a-lseekr.o)
[...]
Memory Configuration

Name             Origin             Length             Attributes
CCMSRAM          0x0000000010000000 0x0000000000008000 xrw
RAM              0x0000000020000000 0x0000000000020000 xrw
FLASH            0x0000000008000000 0x0000000000080000 xr
*default*        0x0000000000000000 0xffffffffffffffff

Linker script and memory map

LOAD C:/ST/STM32CubeIDE_1.14.0/STM32CubeIDE/plugins/com.st.stm32cube.ide.mcu.externaltools.gnu-tools-for-stm32.11.3.rel1.win32_1.1.100.202309141235/tools/bin/../lib/gcc/arm-none-eabi/11.3.1/thumb/v7e-m+fp/hard/crti.o
LOAD C:/ST/STM32CubeIDE_1.14.0/STM32CubeIDE/plugins/com.st.stm32cube.ide.mcu.externaltools.gnu-tools-for-stm32.11.3.rel1.win32_1.1.100.202309141235/tools/bin/../lib/gcc/arm-none-eabi/11.3.1/thumb/v7e-m+fp/hard/crtbegin.o
LOAD C:/ST/STM32CubeIDE_1.14.0/STM32CubeIDE/plugins/com.st.stm32cube.ide.mcu.externaltools.gnu-tools-for-stm32.11.3.rel1.win32_1.1.100.202309141235/tools/bin/../lib/gcc/arm-none-eabi/11.3.1/../../../../arm-none-eabi/lib/thumb/v7e-m+fp/hard/crt0.o
LOAD ./Src/button.o
LOAD ./Src/button_hw.o
LOAD ./Src/led.o
LOAD ./Src/main.o
LOAD ./Src/software_timers.o
LOAD ./Src/sys_clocks.o
LOAD ./Src/syscalls.o
LOAD ./Src/sysmem.o
LOAD ./Startup/startup_stm32g474retx.o
START GROUP
LOAD C:/ST/STM32CubeIDE_1.14.0/STM32CubeIDE/plugins/com.st.stm32cube.ide.mcu.externaltools.gnu-tools-for-stm32.11.3.rel1.win32_1.1.100.202309141235/tools/bin/../lib/gcc/arm-none-eabi/11.3.1/../../../../arm-none-eabi/lib/thumb/v7e-m+fp/hard\libc_nano.a
LOAD C:/ST/STM32CubeIDE_1.14.0/STM32CubeIDE/plugins/com.st.stm32cube.ide.mcu.externaltools.gnu-tools-for-stm32.11.3.rel1.win32_1.1.100.202309141235/tools/bin/../lib/gcc/arm-none-eabi/11.3.1/../../../../arm-none-eabi/lib/thumb/v7e-m+fp/hard\libm.a
END GROUP
START GROUP
LOAD C:/ST/STM32CubeIDE_1.14.0/STM32CubeIDE/plugins/com.st.stm32cube.ide.mcu.externaltools.gnu-tools-for-stm32.11.3.rel1.win32_1.1.100.202309141235/tools/bin/../lib/gcc/arm-none-eabi/11.3.1/thumb/v7e-m+fp/hard\libgcc.a
LOAD C:/ST/STM32CubeIDE_1.14.0/STM32CubeIDE/plugins/com.st.stm32cube.ide.mcu.externaltools.gnu-tools-for-stm32.11.3.rel1.win32_1.1.100.202309141235/tools/bin/../lib/gcc/arm-none-eabi/11.3.1/../../../../arm-none-eabi/lib/thumb/v7e-m+fp/hard\libc_nano.a
END GROUP
START GROUP
LOAD C:/ST/STM32CubeIDE_1.14.0/STM32CubeIDE/plugins/com.st.stm32cube.ide.mcu.externaltools.gnu-tools-for-stm32.11.3.rel1.win32_1.1.100.202309141235/tools/bin/../lib/gcc/arm-none-eabi/11.3.1/thumb/v7e-m+fp/hard\libgcc.a
LOAD C:/ST/STM32CubeIDE_1.14.0/STM32CubeIDE/plugins/com.st.stm32cube.ide.mcu.externaltools.gnu-tools-for-stm32.11.3.rel1.win32_1.1.100.202309141235/tools/bin/../lib/gcc/arm-none-eabi/11.3.1/../../../../arm-none-eabi/lib/thumb/v7e-m+fp/hard\libc_nano.a
LOAD C:/ST/STM32CubeIDE_1.14.0/STM32CubeIDE/plugins/com.st.stm32cube.ide.mcu.externaltools.gnu-tools-for-stm32.11.3.rel1.win32_1.1.100.202309141235/tools/bin/../lib/gcc/arm-none-eabi/11.3.1/../../../../arm-none-eabi/lib/thumb/v7e-m+fp/hard\libnosys.a
END GROUP
START GROUP
LOAD C:/ST/STM32CubeIDE_1.14.0/STM32CubeIDE/plugins/com.st.stm32cube.ide.mcu.externaltools.gnu-tools-for-stm32.11.3.rel1.win32_1.1.100.202309141235/tools/bin/../lib/gcc/arm-none-eabi/11.3.1/thumb/v7e-m+fp/hard\libgcc.a
LOAD C:/ST/STM32CubeIDE_1.14.0/STM32CubeIDE/plugins/com.st.stm32cube.ide.mcu.externaltools.gnu-tools-for-stm32.11.3.rel1.win32_1.1.100.202309141235/tools/bin/../lib/gcc/arm-none-eabi/11.3.1/../../../../arm-none-eabi/lib/thumb/v7e-m+fp/hard\libc_nano.a
LOAD C:/ST/STM32CubeIDE_1.14.0/STM32CubeIDE/plugins/com.st.stm32cube.ide.mcu.externaltools.gnu-tools-for-stm32.11.3.rel1.win32_1.1.100.202309141235/tools/bin/../lib/gcc/arm-none-eabi/11.3.1/../../../../arm-none-eabi/lib/thumb/v7e-m+fp/hard\libnosys.a
END GROUP
LOAD C:/ST/STM32CubeIDE_1.14.0/STM32CubeIDE/plugins/com.st.stm32cube.ide.mcu.externaltools.gnu-tools-for-stm32.11.3.rel1.win32_1.1.100.202309141235/tools/bin/../lib/gcc/arm-none-eabi/11.3.1/thumb/v7e-m+fp/hard/crtend.o
LOAD C:/ST/STM32CubeIDE_1.14.0/STM32CubeIDE/plugins/com.st.stm32cube.ide.mcu.externaltools.gnu-tools-for-stm32.11.3.rel1.win32_1.1.100.202309141235/tools/bin/../lib/gcc/arm-none-eabi/11.3.1/thumb/v7e-m+fp/hard/crtn.o
                0x0000000020020000                _estack = (ORIGIN (RAM) + LENGTH (RAM))
                0x0000000000000200                _Min_Heap_Size = 0x200
                0x0000000000000400                _Min_Stack_Size = 0x400

.isr_vector     0x0000000008000000      0x1d8
                0x0000000008000000                . = ALIGN (0x4)
 *(.isr_vector)
 .isr_vector    0x0000000008000000      0x1d8 ./Startup/startup_stm32g474retx.o
                0x0000000008000000                g_pfnVectors
                0x00000000080001d8                . = ALIGN (0x4)

.text           0x00000000080001d8      0x624
                0x00000000080001d8                . = ALIGN (0x4)
 *(.text)
 .text          0x00000000080001d8       0x40 C:/ST/STM32CubeIDE_1.14.0/STM32CubeIDE/plugins/com.st.stm32cube.ide.mcu.externaltools.gnu-tools-for-stm32.11.3.rel1.win32_1.1.100.202309141235/tools/bin/../lib/gcc/arm-none-eabi/11.3.1/thumb/v7e-m+fp/hard/crtbegin.o
 *(.text*)
 .text.ButtonInitKey
                0x0000000008000218       0x38 ./Src/button.o
                0x0000000008000218                ButtonInitKey
 .text.ButtonRegisterSystemTickCallback
                0x0000000008000250       0x20 ./Src/button.o
                0x0000000008000250                ButtonRegisterSystemTickCallback
 .text.ButtonIsPushed
                0x0000000008000270       0x18 ./Src/button.o
 .text.ButtonRegisterPressCallback
                0x0000000008000288       0x1c ./Src/button.o
                0x0000000008000288                ButtonRegisterPressCallback
 .text.ButtonRegisterLongPressCallback
                0x00000000080002a4       0x1c ./Src/button.o
                0x00000000080002a4                ButtonRegisterLongPressCallback
 .text.ButtonRegisterRepeatCallback
                0x00000000080002c0       0x1c ./Src/button.o
                0x00000000080002c0                ButtonRegisterRepeatCallback
 .text.ButtonIdleRoutine
                0x00000000080002dc       0x34 ./Src/button.o
                0x00000000080002dc                ButtonIdleRoutine
 .text.ButtonDebounceRoutine
                0x0000000008000310       0x60 ./Src/button.o
                0x0000000008000310                ButtonDebounceRoutine
 .text.ButtonPressedRoutine
                0x0000000008000370       0x60 ./Src/button.o
                0x0000000008000370                ButtonPressedRoutine
 .text.ButtonRepeatRoutine
                0x00000000080003d0       0x58 ./Src/button.o
                0x00000000080003d0                ButtonRepeatRoutine
 .text.ButtonTask
                0x0000000008000428       0x54 ./Src/button.o
                0x0000000008000428                ButtonTask
 .text.Key_UserB1_Init
                0x000000000800047c       0x30 ./Src/button_hw.o
                0x000000000800047c                Key_UserB1_Init
 .text.Key_UserB1_IsPressed
                0x00000000080004ac       0x24 ./Src/button_hw.o
                0x00000000080004ac                Key_UserB1_IsPressed
 .text.LED_LD2_Init
                0x00000000080004d0       0x30 ./Src/led.o
                0x00000000080004d0                LED_LD2_Init
 .text.LED_LD2_On
                0x0000000008000500       0x16 ./Src/led.o
                0x0000000008000500                LED_LD2_On
 .text.LED_LD2_Off
                0x0000000008000516       0x18 ./Src/led.o
                0x0000000008000516                LED_LD2_Off
 .text.LED_LD2_Toggle
                0x000000000800052e       0x1e ./Src/led.o
                0x000000000800052e                LED_LD2_Toggle
 .text.main     0x000000000800054c       0x64 ./Src/main.o
                0x000000000800054c                main
 .text.__NVIC_SetPriority
                0x00000000080005b0       0x54 ./Src/sys_clocks.o
 .text.SysTick_Config
                0x0000000008000604       0x44 ./Src/sys_clocks.o
 .text.SystemClockPLL48
                0x0000000008000648       0xb8 ./Src/sys_clocks.o
                0x0000000008000648                SystemClockPLL48
 .text.SystemClockSetup
                0x0000000008000700       0x14 ./Src/sys_clocks.o
                0x0000000008000700                SystemClockSetup
 .text.SysTick_Handler
                0x0000000008000714       0x1c ./Src/sys_clocks.o
                0x0000000008000714                SysTick_Handler
 .text.GetSystemTick
                0x0000000008000730       0x18 ./Src/sys_clocks.o
                0x0000000008000730                GetSystemTick
 .text.Reset_Handler
                0x0000000008000748       0x50 ./Startup/startup_stm32g474retx.o
                0x0000000008000748                Reset_Handler
 .text.Default_Handler
                0x0000000008000798        0x2 ./Startup/startup_stm32g474retx.o
                0x0000000008000798                EXTI2_IRQHandler
                0x0000000008000798                TIM8_TRG_COM_IRQHandler
                0x0000000008000798                TIM8_CC_IRQHandler
                0x0000000008000798                DMA2_CH8_IRQHandler
                0x0000000008000798                DebugMon_Handler
                0x0000000008000798                DMA1_CH4_IRQHandler
                0x0000000008000798                SPI4_IRQHandler
                0x0000000008000798                HRTIM_TIM_FLT_IRQn_IRQHandler
                0x0000000008000798                FDCAN3_IT0_IRQHandler
                0x0000000008000798                TIM1_CC_IRQHandler
                0x0000000008000798                Cordic_IRQHandler
                0x0000000008000798                HardFault_Handler
                0x0000000008000798                USB_HP_IRQHandler
                0x0000000008000798                PendSV_Handler
                0x0000000008000798                NMI_Handler
                0x0000000008000798                HRTIM_TIMD_IRQn_IRQHandler
                0x0000000008000798                EXTI3_IRQHandler
                0x0000000008000798                I2C3_ER_IRQHandler
                0x0000000008000798                HRTIM_Master_IRQn_IRQHandler
                0x0000000008000798                DMA1_CH8_IRQHandler
                0x0000000008000798                TIM6_DACUNDER_IRQHandler
                0x0000000008000798                EXTI0_IRQHandler
                0x0000000008000798                I2C2_EV_IRQHandler
                0x0000000008000798                DMA2_CH1_IRQHandler
                0x0000000008000798                FDCAN1_IT1_IRQHandler
                0x0000000008000798                TIM1_UP_TIM16_IRQHandler
                0x0000000008000798                DMA2_CH7_IRQHandler
                0x0000000008000798                UsageFault_Handler
                0x0000000008000798                ADC1_2_IRQHandler
                0x0000000008000798                SPI1_IRQHandler
                0x0000000008000798                DMA1_CH7_IRQHandler
                0x0000000008000798                HRTIM_TIMB_IRQn_IRQHandler
                0x0000000008000798                TIM8_UP_IRQHandler
                0x0000000008000798                USBWakeUP_IRQHandler
                0x0000000008000798                RTC_ALARM_IRQHandler
                0x0000000008000798                DMA1_CH6_IRQHandler
                0x0000000008000798                TIM20_TRG_COM_IRQHandler
                0x0000000008000798                USART3_IRQHandler
                0x0000000008000798                LPUART_IRQHandler
                0x0000000008000798                UART5_IRQHandler
                0x0000000008000798                ADC3_IRQHandler
                0x0000000008000798                TIM4_IRQHandler
                0x0000000008000798                QUADSPI_IRQHandler
                0x0000000008000798                I2C1_EV_IRQHandler
                0x0000000008000798                DMA2_CH5_IRQHandler
                0x0000000008000798                UART4_IRQHandler
                0x0000000008000798                DMA1_CH3_IRQHandler
                0x0000000008000798                TIM3_IRQHandler
                0x0000000008000798                RCC_IRQHandler
                0x0000000008000798                TIM20_UP_IRQHandler
                0x0000000008000798                TIM1_TRG_COM_IRQHandler
                0x0000000008000798                Default_Handler
                0x0000000008000798                FMAC_IRQHandler
                0x0000000008000798                EXTI15_10_IRQHandler
                0x0000000008000798                TIM7_IRQHandler
                0x0000000008000798                FDCAN3_IT1_IRQHandler
                0x0000000008000798                TIM5_IRQHandler
                0x0000000008000798                UCPD1_IRQHandler
                0x0000000008000798                I2C3_EV_IRQHandler
                0x0000000008000798                EXTI9_5_IRQHandler
                0x0000000008000798                DMA1_CH2_IRQHandler
                0x0000000008000798                RTC_WKUP_IRQHandler
                0x0000000008000798                SAI_IRQHandler
                0x0000000008000798                PVD_PVM_IRQHandler
                0x0000000008000798                SPI2_IRQHandler
                0x0000000008000798                DMA1_CH1_IRQHandler
                0x0000000008000798                MemManage_Handler
                0x0000000008000798                ADC5_IRQHandler
                0x0000000008000798                SVC_Handler
                0x0000000008000798                CRS_IRQHandler
                0x0000000008000798                USB_LP_IRQHandler
                0x0000000008000798                EXTI4_IRQHandler
                0x0000000008000798                RNG_IRQHandler
                0x0000000008000798                FDCAN2_IT1_IRQHandler
                0x0000000008000798                HRTIM_TIMF_IRQn_IRQHandler
                0x0000000008000798                ADC4_IRQHandler
                0x0000000008000798                HRTIM_TIMA_IRQn_IRQHandler
                0x0000000008000798                WWDG_IRQHandler
                0x0000000008000798                I2C4_EV_IRQHandler
                0x0000000008000798                FDCAN2_IT0_IRQHandler
                0x0000000008000798                FDCAN1_IT0_IRQHandler
                0x0000000008000798                TIM2_IRQHandler
                0x0000000008000798                COMP7_IRQHandler
                0x0000000008000798                COMP1_2_3_IRQHandler
                0x0000000008000798                EXTI1_IRQHandler
                0x0000000008000798                HRTIM_TIMC_IRQn_IRQHandler
                0x0000000008000798                USART2_IRQHandler
                0x0000000008000798                COMP4_5_6_IRQHandler
                0x0000000008000798                TIM20_BRK_IRQHandler
                0x0000000008000798                I2C2_ER_IRQHandler
                0x0000000008000798                TIM8_BRK_IRQHandler
                0x0000000008000798                FLASH_IRQHandler
                0x0000000008000798                TIM20_CC_IRQHandler
                0x0000000008000798                BusFault_Handler
                0x0000000008000798                USART1_IRQHandler
                0x0000000008000798                SPI3_IRQHandler
                0x0000000008000798                DMA2_CH6_IRQHandler
                0x0000000008000798                DMA2_CH3_IRQHandler
                0x0000000008000798                DMA2_CH2_IRQHandler
                0x0000000008000798                I2C1_ER_IRQHandler
                0x0000000008000798                FMC_IRQHandler
                0x0000000008000798                DMA1_CH5_IRQHandler
                0x0000000008000798                DMA2_CH4_IRQHandler
                0x0000000008000798                LPTIM1_IRQHandler
                0x0000000008000798                DMAMUX_OVR_IRQHandler
                0x0000000008000798                I2C4_ER_IRQHandler
                0x0000000008000798                HRTIM_TIME_IRQn_IRQHandler
                0x0000000008000798                RTC_TAMP_CSS_LSE_IRQHandler
                0x0000000008000798                TIM1_BRK_TIM15_IRQHandler
 *fill*         0x000000000800079a        0x2 
 .text.__libc_init_array
                0x000000000800079c       0x48 C:/ST/STM32CubeIDE_1.14.0/STM32CubeIDE/plugins/com.st.stm32cube.ide.mcu.externaltools.gnu-tools-for-stm32.11.3.rel1.win32_1.1.100.202309141235/tools/bin/../lib/gcc/arm-none-eabi/11.3.1/../../../../arm-none-eabi/lib/thumb/v7e-m+fp/hard\libc_nano.a(libc_a-init.o)
                0x000000000800079c                __libc_init_array
 *(.glue_7)
 .glue_7        0x00000000080007e4        0x0 linker stubs
 *(.glue_7t)
 .glue_7t       0x00000000080007e4        0x0 linker stubs
 *(.eh_frame)
 .eh_frame      0x00000000080007e4        0x0 C:/ST/STM32CubeIDE_1.14.0/STM32CubeIDE/plugins/com.st.stm32cube.ide.mcu.externaltools.gnu-tools-for-stm32.11.3.rel1.win32_1.1.100.202309141235/tools/bin/../lib/gcc/arm-none-eabi/11.3.1/thumb/v7e-m+fp/hard/crtbegin.o
 *(.init)
 .init          0x00000000080007e4        0x4 C:/ST/STM32CubeIDE_1.14.0/STM32CubeIDE/plugins/com.st.stm32cube.ide.mcu.externaltools.gnu-tools-for-stm32.11.3.rel1.win32_1.1.100.202309141235/tools/bin/../lib/gcc/arm-none-eabi/11.3.1/thumb/v7e-m+fp/hard/crti.o
                0x00000000080007e4                _init
 .init          0x00000000080007e8        0x8 C:/ST/STM32CubeIDE_1.14.0/STM32CubeIDE/plugins/com.st.stm32cube.ide.mcu.externaltools.gnu-tools-for-stm32.11.3.rel1.win32_1.1.100.202309141235/tools/bin/../lib/gcc/arm-none-eabi/11.3.1/thumb/v7e-m+fp/hard/crtn.o
 *(.fini)
 .fini          0x00000000080007f0        0x4 C:/ST/STM32CubeIDE_1.14.0/STM32CubeIDE/plugins/com.st.stm32cube.ide.mcu.externaltools.gnu-tools-for-stm32.11.3.rel1.win32_1.1.100.202309141235/tools/bin/../lib/gcc/arm-none-eabi/11.3.1/thumb/v7e-m+fp/hard/crti.o
                0x00000000080007f0                _fini
 .fini          0x00000000080007f4        0x8 C:/ST/STM32CubeIDE_1.14.0/STM32CubeIDE/plugins/com.st.stm32cube.ide.mcu.externaltools.gnu-tools-for-stm32.11.3.rel1.win32_1.1.100.202309141235/tools/bin/../lib/gcc/arm-none-eabi/11.3.1/thumb/v7e-m+fp/hard/crtn.o
                0x00000000080007fc                . = ALIGN (0x4)
                0x00000000080007fc                _etext = .

.vfp11_veneer   0x00000000080007fc        0x0
 .vfp11_veneer  0x00000000080007fc        0x0 linker stubs

.v4_bx          0x00000000080007fc        0x0
 .v4_bx         0x00000000080007fc        0x0 linker stubs

.iplt           0x00000000080007fc        0x0
 .iplt          0x00000000080007fc        0x0 C:/ST/STM32CubeIDE_1.14.0/STM32CubeIDE/plugins/com.st.stm32cube.ide.mcu.externaltools.gnu-tools-for-stm32.11.3.rel1.win32_1.1.100.202309141235/tools/bin/../lib/gcc/arm-none-eabi/11.3.1/thumb/v7e-m+fp/hard/crtbegin.o

.rel.dyn        0x00000000080007fc        0x0
 .rel.iplt      0x00000000080007fc        0x0 C:/ST/STM32CubeIDE_1.14.0/STM32CubeIDE/plugins/com.st.stm32cube.ide.mcu.externaltools.gnu-tools-for-stm32.11.3.rel1.win32_1.1.100.202309141235/tools/bin/../lib/gcc/arm-none-eabi/11.3.1/thumb/v7e-m+fp/hard/crtbegin.o

.rodata         0x00000000080007fc        0x0
                0x00000000080007fc                . = ALIGN (0x4)
 *(.rodata)
 *(.rodata*)
                0x00000000080007fc                . = ALIGN (0x4)

.ARM.extab      0x00000000080007fc        0x0
                0x00000000080007fc                . = ALIGN (0x4)
 *(.ARM.extab* .gnu.linkonce.armextab.*)
                0x00000000080007fc                . = ALIGN (0x4)

.ARM            0x00000000080007fc        0x0
                0x00000000080007fc                . = ALIGN (0x4)
                0x00000000080007fc                __exidx_start = .
 *(.ARM.exidx*)
                0x00000000080007fc                __exidx_end = .
                0x00000000080007fc                . = ALIGN (0x4)

.preinit_array  0x00000000080007fc        0x0
                0x00000000080007fc                . = ALIGN (0x4)
                0x00000000080007fc                PROVIDE (__preinit_array_start = .)
 *(.preinit_array*)
                0x00000000080007fc                PROVIDE (__preinit_array_end = .)
                0x00000000080007fc                . = ALIGN (0x4)

.init_array     0x00000000080007fc        0x4
                0x00000000080007fc                . = ALIGN (0x4)
                0x00000000080007fc                PROVIDE (__init_array_start = .)
 *(SORT_BY_NAME(.init_array.*))
 *(.init_array*)
 .init_array    0x00000000080007fc        0x4 C:/ST/STM32CubeIDE_1.14.0/STM32CubeIDE/plugins/com.st.stm32cube.ide.mcu.externaltools.gnu-tools-for-stm32.11.3.rel1.win32_1.1.100.202309141235/tools/bin/../lib/gcc/arm-none-eabi/11.3.1/thumb/v7e-m+fp/hard/crtbegin.o
                0x0000000008000800                PROVIDE (__init_array_end = .)
                0x0000000008000800                . = ALIGN (0x4)

.fini_array     0x0000000008000800        0x4
                0x0000000008000800                . = ALIGN (0x4)
                [!provide]                        PROVIDE (__fini_array_start = .)
 *(SORT_BY_NAME(.fini_array.*))
 *(.fini_array*)
 .fini_array    0x0000000008000800        0x4 C:/ST/STM32CubeIDE_1.14.0/STM32CubeIDE/plugins/com.st.stm32cube.ide.mcu.externaltools.gnu-tools-for-stm32.11.3.rel1.win32_1.1.100.202309141235/tools/bin/../lib/gcc/arm-none-eabi/11.3.1/thumb/v7e-m+fp/hard/crtbegin.o
                [!provide]                        PROVIDE (__fini_array_end = .)
                0x0000000008000804                . = ALIGN (0x4)
                0x0000000008000804                _sidata = LOADADDR (.data)

.data           0x0000000020000000        0x0 load address 0x0000000008000804
                0x0000000020000000                . = ALIGN (0x4)
                0x0000000020000000                _sdata = .
 *(.data)
 *(.data*)
 *(.RamFunc)
 *(.RamFunc*)
                0x0000000020000000                . = ALIGN (0x4)
                0x0000000020000000                _edata = .
                0x0000000008000804                _siccmsram = LOADADDR (.ccmsram)

.igot.plt       0x0000000020000000        0x0 load address 0x0000000008000804
 .igot.plt      0x0000000020000000        0x0 C:/ST/STM32CubeIDE_1.14.0/STM32CubeIDE/plugins/com.st.stm32cube.ide.mcu.externaltools.gnu-tools-for-stm32.11.3.rel1.win32_1.1.100.202309141235/tools/bin/../lib/gcc/arm-none-eabi/11.3.1/thumb/v7e-m+fp/hard/crtbegin.o

.ccmsram        0x0000000010000000        0x0 load address 0x0000000008000804
                0x0000000010000000                . = ALIGN (0x4)
                0x0000000010000000                _sccmsram = .
 *(.ccmsram)
 *(.ccmsram*)
                0x0000000010000000                . = ALIGN (0x4)
                0x0000000010000000                _eccmsram = .
                0x0000000010000000                . = ALIGN (0x4)

.bss            0x0000000020000000       0x48
                0x0000000020000000                _sbss = .
                0x0000000020000000                __bss_start__ = _sbss
 *(.bss)
 .bss           0x0000000020000000       0x1c C:/ST/STM32CubeIDE_1.14.0/STM32CubeIDE/plugins/com.st.stm32cube.ide.mcu.externaltools.gnu-tools-for-stm32.11.3.rel1.win32_1.1.100.202309141235/tools/bin/../lib/gcc/arm-none-eabi/11.3.1/thumb/v7e-m+fp/hard/crtbegin.o
 *(.bss*)
 .bss.ButtonGetSystemTick
                0x000000002000001c        0x4 ./Src/button.o
 .bss.BlueKey   0x0000000020000020       0x24 ./Src/main.o
                0x0000000020000020                BlueKey
 .bss.Tick      0x0000000020000044        0x4 ./Src/sys_clocks.o
                0x0000000020000044                Tick
 *(COMMON)
                0x0000000020000048                . = ALIGN (0x4)
                0x0000000020000048                _ebss = .
                0x0000000020000048                __bss_end__ = _ebss

._user_heap_stack
                0x0000000020000048      0x600
                0x0000000020000048                . = ALIGN (0x8)
                [!provide]                        PROVIDE (end = .)
                0x0000000020000048                PROVIDE (_end = .)
                0x0000000020000248                . = (. + _Min_Heap_Size)
 *fill*         0x0000000020000048      0x200 
                0x0000000020000648                . = (. + _Min_Stack_Size)
 *fill*         0x0000000020000248      0x400 
                0x0000000020000648                . = ALIGN (0x8)

/DISCARD/
 libc.a(*)
 libm.a(*)
 libgcc.a(*)

.ARM.attributes
                0x0000000000000000       0x30
 *(.ARM.attributes)
 .ARM.attributes
                0x0000000000000000       0x1e C:/ST/STM32CubeIDE_1.14.0/STM32CubeIDE/plugins/com.st.stm32cube.ide.mcu.externaltools.gnu-tools-for-stm32.11.3.rel1.win32_1.1.100.202309141235/tools/bin/../lib/gcc/arm-none-eabi/11.3.1/thumb/v7e-m+fp/hard/crti.o
 .ARM.attributes
                0x000000000000001e       0x34 C:/ST/STM32CubeIDE_1.14.0/STM32CubeIDE/plugins/com.st.stm32cube.ide.mcu.externaltools.gnu-tools-for-stm32.11.3.rel1.win32_1.1.100.202309141235/tools/bin/../lib/gcc/arm-none-eabi/11.3.1/thumb/v7e-m+fp/hard/crtbegin.o
 .ARM.attributes
                0x0000000000000052       0x34 ./Src/button.o
 .ARM.attributes
                0x0000000000000086       0x34 ./Src/button_hw.o
 .ARM.attributes
                0x00000000000000ba       0x34 ./Src/led.o
 .ARM.attributes
                0x00000000000000ee       0x34 ./Src/main.o
 .ARM.attributes
                0x0000000000000122       0x34 ./Src/sys_clocks.o
 .ARM.attributes
                0x0000000000000156       0x21 ./Startup/startup_stm32g474retx.o
 .ARM.attributes
                0x0000000000000177       0x34 C:/ST/STM32CubeIDE_1.14.0/STM32CubeIDE/plugins/com.st.stm32cube.ide.mcu.externaltools.gnu-tools-for-stm32.11.3.rel1.win32_1.1.100.202309141235/tools/bin/../lib/gcc/arm-none-eabi/11.3.1/../../../../arm-none-eabi/lib/thumb/v7e-m+fp/hard\libc_nano.a(libc_a-init.o)
 .ARM.attributes
                0x00000000000001ab       0x1e C:/ST/STM32CubeIDE_1.14.0/STM32CubeIDE/plugins/com.st.stm32cube.ide.mcu.externaltools.gnu-tools-for-stm32.11.3.rel1.win32_1.1.100.202309141235/tools/bin/../lib/gcc/arm-none-eabi/11.3.1/thumb/v7e-m+fp/hard/crtn.o
OUTPUT(M2_GPIO_Input.elf elf32-littlearm)
LOAD linker stubs
LOAD C:/ST/STM32CubeIDE_1.14.0/STM32CubeIDE/plugins/com.st.stm32cube.ide.mcu.externaltools.gnu-tools-for-stm32.11.3.rel1.win32_1.1.100.202309141235/tools/bin/../lib/gcc/arm-none-eabi/11.3.1/../../../../arm-none-eabi/lib/thumb/v7e-m+fp/hard\libc.a
LOAD C:/ST/STM32CubeIDE_1.14.0/STM32CubeIDE/plugins/com.st.stm32cube.ide.mcu.externaltools.gnu-tools-for-stm32.11.3.rel1.win32_1.1.100.202309141235/tools/bin/../lib/gcc/arm-none-eabi/11.3.1/../../../../arm-none-eabi/lib/thumb/v7e-m+fp/hard\libm.a
LOAD C:/ST/STM32CubeIDE_1.14.0/STM32CubeIDE/plugins/com.st.stm32cube.ide.mcu.externaltools.gnu-tools-for-stm32.11.3.rel1.win32_1.1.100.202309141235/tools/bin/../lib/gcc/arm-none-eabi/11.3.1/thumb/v7e-m+fp/hard\libgcc.a

.comment        0x0000000000000000       0x43
 .comment       0x0000000000000000       0x43 C:/ST/STM32CubeIDE_1.14.0/STM32CubeIDE/plugins/com.st.stm32cube.ide.mcu.externaltools.gnu-tools-for-stm32.11.3.rel1.win32_1.1.100.202309141235/tools/bin/../lib/gcc/arm-none-eabi/11.3.1/thumb/v7e-m+fp/hard/crtbegin.o
                                         0x44 (size before relaxing)
 .comment       0x0000000000000043       0x44 ./Src/button.o
 .comment       0x0000000000000043       0x44 ./Src/button_hw.o
 .comment       0x0000000000000043       0x44 ./Src/led.o
 .comment       0x0000000000000043       0x44 ./Src/main.o
 .comment       0x0000000000000043       0x44 ./Src/sys_clocks.o

.debug_info     0x0000000000000000     0x1a9d
 .debug_info    0x0000000000000000      0x40a ./Src/button.o
 .debug_info    0x000000000000040a      0x369 ./Src/button_hw.o
 .debug_info    0x0000000000000773      0x36d ./Src/led.o
 .debug_info    0x0000000000000ae0      0x2c7 ./Src/main.o
 .debug_info    0x0000000000000da7      0xcd3 ./Src/sys_clocks.o
 .debug_info    0x0000000000001a7a       0x23 ./Startup/startup_stm32g474retx.o

.debug_abbrev   0x0000000000000000      0x5dc
 .debug_abbrev  0x0000000000000000      0x13c ./Src/button.o
 .debug_abbrev  0x000000000000013c       0xd0 ./Src/button_hw.o
 .debug_abbrev  0x000000000000020c       0xb6 ./Src/led.o
 .debug_abbrev  0x00000000000002c2      0x128 ./Src/main.o
 .debug_abbrev  0x00000000000003ea      0x1e0 ./Src/sys_clocks.o
 .debug_abbrev  0x00000000000005ca       0x12 ./Startup/startup_stm32g474retx.o

.debug_aranges  0x0000000000000000      0x1a0
 .debug_aranges
                0x0000000000000000       0x88 ./Src/button.o
 .debug_aranges
                0x0000000000000088       0x28 ./Src/button_hw.o
 .debug_aranges
                0x00000000000000b0       0x38 ./Src/led.o
 .debug_aranges
                0x00000000000000e8       0x28 ./Src/main.o
 .debug_aranges
                0x0000000000000110       0x68 ./Src/sys_clocks.o
 .debug_aranges
                0x0000000000000178       0x28 ./Startup/startup_stm32g474retx.o

.debug_rnglists
                0x0000000000000000      0x11d
 .debug_rnglists
                0x0000000000000000       0x61 ./Src/button.o
 .debug_rnglists
                0x0000000000000061       0x19 ./Src/button_hw.o
 .debug_rnglists
                0x000000000000007a       0x25 ./Src/led.o
 .debug_rnglists
                0x000000000000009f       0x19 ./Src/main.o
 .debug_rnglists
                0x00000000000000b8       0x4c ./Src/sys_clocks.o
 .debug_rnglists
                0x0000000000000104       0x19 ./Startup/startup_stm32g474retx.o

.debug_macro    0x0000000000000000    0x1b3c0
 .debug_macro   0x0000000000000000       0xf4 ./Src/button.o
 .debug_macro   0x00000000000000f4      0xab4 ./Src/button.o
 .debug_macro   0x0000000000000ba8       0x22 ./Src/button.o
 .debug_macro   0x0000000000000bca       0x8e ./Src/button.o
 .debug_macro   0x0000000000000c58       0x51 ./Src/button.o
 .debug_macro   0x0000000000000ca9      0x103 ./Src/button.o
 .debug_macro   0x0000000000000dac       0x6a ./Src/button.o
 .debug_macro   0x0000000000000e16      0x1df ./Src/button.o
 .debug_macro   0x0000000000000ff5      0x174 ./Src/button.o
 .debug_macro   0x0000000000001169       0x28 ./Src/button.o
 .debug_macro   0x0000000000001191       0x28 ./Src/button.o
 .debug_macro   0x00000000000011b9       0x1c ./Src/button.o
 .debug_macro   0x00000000000011d5       0x22 ./Src/button.o
 .debug_macro   0x00000000000011f7       0xfb ./Src/button.o
 .debug_macro   0x00000000000012f2     0x1011 ./Src/button.o
 .debug_macro   0x0000000000002303      0x11f ./Src/button.o
 .debug_macro   0x0000000000002422    0x18b45 ./Src/button.o
 .debug_macro   0x000000000001af67       0x6d ./Src/button.o
 .debug_macro   0x000000000001afd4       0xf4 ./Src/button_hw.o
 .debug_macro   0x000000000001b0c8       0xf4 ./Src/led.o
 .debug_macro   0x000000000001b1bc      0x116 ./Src/main.o
 .debug_macro   0x000000000001b2d2       0xee ./Src/sys_clocks.o

.debug_line     0x0000000000000000     0x1f97
 .debug_line    0x0000000000000000      0x6fd ./Src/button.o
 .debug_line    0x00000000000006fd      0x540 ./Src/button_hw.o
 .debug_line    0x0000000000000c3d      0x55c ./Src/led.o
 .debug_line    0x0000000000001199      0x563 ./Src/main.o
 .debug_line    0x00000000000016fc      0x820 ./Src/sys_clocks.o
 .debug_line    0x0000000000001f1c       0x7b ./Startup/startup_stm32g474retx.o

.debug_str      0x0000000000000000    0x9ecc1
 .debug_str     0x0000000000000000    0x9e1c9 ./Src/button.o
                                      0x9e3ec (size before relaxing)
 .debug_str     0x000000000009e1c9      0x1c5 ./Src/button_hw.o
                                      0x9e38d (size before relaxing)
 .debug_str     0x000000000009e38e       0x48 ./Src/led.o
                                      0x9e37d (size before relaxing)
 .debug_str     0x000000000009e3d6       0x70 ./Src/main.o
                                      0x9e3f2 (size before relaxing)
 .debug_str     0x000000000009e446      0x84c ./Src/sys_clocks.o
                                      0x9ebb0 (size before relaxing)
 .debug_str     0x000000000009ec92       0x2f ./Startup/startup_stm32g474retx.o
                                         0x6d (size before relaxing)

.debug_frame    0x0000000000000000      0x4e0
 .debug_frame   0x0000000000000000      0x228 ./Src/button.o
 .debug_frame   0x0000000000000228       0x50 ./Src/button_hw.o
 .debug_frame   0x0000000000000278       0x90 ./Src/led.o
 .debug_frame   0x0000000000000308       0x4c ./Src/main.o
 .debug_frame   0x0000000000000354      0x160 ./Src/sys_clocks.o
 .debug_frame   0x00000000000004b4       0x2c C:/ST/STM32CubeIDE_1.14.0/STM32CubeIDE/plugins/com.st.stm32cube.ide.mcu.externaltools.gnu-tools-for-stm32.11.3.rel1.win32_1.1.100.202309141235/tools/bin/../lib/gcc/arm-none-eabi/11.3.1/../../../../arm-none-eabi/lib/thumb/v7e-m+fp/hard\libc_nano.a(libc_a-init.o)

.debug_line_str
                0x0000000000000000       0x61
 .debug_line_str
                0x0000000000000000       0x61 ./Startup/startup_stm32g474retx.o
                                         0x79 (size before relaxing)
